partitions 344 ['product=discharge_daily_mean/year=1936/part-0.parquet', 'product=discharge_daily_mean/year=1909/part-0.parquet', 'product=discharge_daily_mean/year=1931/part-0.parquet', 'product=discharge_daily_mean/year=1907/part-0.parquet', 'product=discharge_daily_mean/year=1938/part-0.parquet']
shape: (10, 4)
┌─────────────────────┬───────┬─────────────────────────────────┬─────────────────────────────────┐
│ time                ┆ value ┆ series_id                       ┆ facts_id                        │
│ ---                 ┆ ---   ┆ ---                             ┆ ---                             │
│ datetime[μs]        ┆ f64   ┆ str                             ┆ str                             │
╞═════════════════════╪═══════╪═════════════════════════════════╪═════════════════════════════════╡
│ 1991-03-01 00:00:00 ┆ 0.09  ┆ 12506c52eed329b6d11fc4960f09f3… ┆ 572e0bbf4e6d9435204683ee8cd5d6… │
│ 1991-03-02 00:00:00 ┆ 0.09  ┆ 12506c52eed329b6d11fc4960f09f3… ┆ 572e0bbf4e6d9435204683ee8cd5d6… │
│ 1991-03-03 00:00:00 ┆ 0.09  ┆ 12506c52eed329b6d11fc4960f09f3… ┆ 572e0bbf4e6d9435204683ee8cd5d6… │
│ 1991-03-04 00:00:00 ┆ 0.09  ┆ 12506c52eed329b6d11fc4960f09f3… ┆ 572e0bbf4e6d9435204683ee8cd5d6… │
│ 1991-03-05 00:00:00 ┆ 0.09  ┆ 12506c52eed329b6d11fc4960f09f3… ┆ 572e0bbf4e6d9435204683ee8cd5d6… │
│ 1991-03-06 00:00:00 ┆ 0.09  ┆ 12506c52eed329b6d11fc4960f09f3… ┆ 572e0bbf4e6d9435204683ee8cd5d6… │
│ 1991-03-07 00:00:00 ┆ 0.09  ┆ 12506c52eed329b6d11fc4960f09f3… ┆ 572e0bbf4e6d9435204683ee8cd5d6… │
│ 1991-03-08 00:00:00 ┆ 0.09  ┆ 12506c52eed329b6d11fc4960f09f3… ┆ 572e0bbf4e6d9435204683ee8cd5d6… │
│ 1991-03-09 00:00:00 ┆ 0.092 ┆ 12506c52eed329b6d11fc4960f09f3… ┆ 572e0bbf4e6d9435204683ee8cd5d6… │
│ 1991-03-10 00:00:00 ┆ 0.18  ┆ 12506c52eed329b6d11fc4960f09f3… ┆ 572e0bbf4e6d9435204683ee8cd5d6… │
└─────────────────────┴───────┴─────────────────────────────────┴─────────────────────────────────┘
shape: (1, 3)
┌─────────────────────┬─────────────────────┬───────┐
│ min                 ┆ max                 ┆ len   │
│ ---                 ┆ ---                 ┆ ---   │
│ datetime[μs]        ┆ datetime[μs]        ┆ u32   │
╞═════════════════════╪═════════════════════╪═══════╡
│ 1979-03-01 00:00:00 ┆ 2024-10-31 00:00:00 ┆ 13306 │
└─────────────────────┴─────────────────────┴───────┘
shape: (0, 4)
┌──────────────┬───────┬───────────┬──────────┐
│ time         ┆ value ┆ series_id ┆ facts_id │
│ ---          ┆ ---   ┆ ---       ┆ ---      │
│ datetime[μs] ┆ f64   ┆ str       ┆ str      │
╞══════════════╪═══════╪═══════════╪══════════╡
└──────────────┴───────┴───────────┴──────────┘
selected (SourceSeries(series_id='12506c52eed329b6d11fc4960f09f3823d8653b5da58956ae85a09198593467b', provider_id='ca_eccc', station_id='05OG008', product_id='discharge_daily_mean', identity=SourceIdentity(namespace='hydat:DLY_FLOWS', published_id=None, description=None, origin='mapping', evidence=('https://collaboration.cmc.ec.gc.ca/cmc/hydrometrics/www/HYDAT_Definition_EN.pdf pp. 4-5: daily flow (m^3/s), daily water level (m), daily mean symbol definitions',)), variant=None, facts=(PhysicalFacts(facts_id='572e0bbf4e6d9435204683ee8cd5d6b594e035fd77939ae9e02a62a4b8d3f47a', quantity=EvidenceFact(value='discharge', state=<EvidenceState.KNOWN: 'known'>, evidence=('https://collaboration.cmc.ec.gc.ca/cmc/hydrometrics/www/HYDAT_Definition_EN.pdf pp. 4-5: daily flow (m^3/s), daily water level (m), daily mean symbol definitions',)), source_unit=EvidenceFact(value='m3/s', state=<EvidenceState.KNOWN: 'known'>, evidence=('https://collaboration.cmc.ec.gc.ca/cmc/hydrometrics/www/HYDAT_Definition_EN.pdf pp. 4-5: daily flow (m^3/s), daily water level (m), daily mean symbol definitions',)), normalized_unit='m3/s', source_unit_definition=None, frequency=EvidenceFact(value='daily', state=<EvidenceState.KNOWN: 'known'>, evidence=('https://collaboration.cmc.ec.gc.ca/cmc/hydrometrics/www/HYDAT_Definition_EN.pdf pp. 4-5: daily flow (m^3/s), daily water level (m), daily mean symbol definitions',)), statistic=EvidenceFact(value='mean', state=<EvidenceState.KNOWN: 'known'>, evidence=('https://collaboration.cmc.ec.gc.ca/cmc/hydrometrics/www/HYDAT_Definition_EN.pdf pp. 4-5: daily flow (m^3/s), daily water level (m), daily mean symbol definitions',)), temporal_support=EvidenceFact(value='interval', state=<EvidenceState.KNOWN: 'known'>, evidence=('https://collaboration.cmc.ec.gc.ca/cmc/hydrometrics/www/HYDAT_Definition_EN.pdf pp. 4-5: daily flow (m^3/s), daily water level (m), daily mean symbol definitions',)), day_definition=EvidenceFact(value=None, state=<EvidenceState.NOT_ESTABLISHED: 'not_established'>, evidence=()), timestamp_anchor=EvidenceFact(value=None, state=<EvidenceState.NOT_ESTABLISHED: 'not_established'>, evidence=()), time_zone=EvidenceFact(value=None, state=<EvidenceState.NOT_ESTABLISHED: 'not_established'>, evidence=()), vertical_reference=EvidenceFact(value=None, state=<EvidenceState.NOT_ESTABLISHED: 'not_established'>, evidence=()), vertical_datum=EvidenceFact(value=None, state=<EvidenceState.NOT_ESTABLISHED: 'not_established'>, evidence=()), clipping_axis=<ClippingAxis.CALENDAR_DATE: 'calendar_date'>, label_time='00:00'),)),)
