catalogue 8057
station (StationLocation(provider_id='ca_eccc', station_id='05OG008', latitude=49.886810302734375, longitude=-97.76725006103516, crs='EPSG:4326'),)
series shape: (1, 58)
┌───────────┬───────────┬───────────┬───────────┬───┬───────────┬───────────┬───────────┬──────────┐
│ provider_ ┆ station_i ┆ product_i ┆ series_id ┆ … ┆ inventory ┆ inventory ┆ outcomes  ┆ outcome_ │
│ id        ┆ d         ┆ d         ┆ ---       ┆   ┆ _vintage  ┆ _status   ┆ ---       ┆ reasons  │
│ ---       ┆ ---       ┆ ---       ┆ str       ┆   ┆ ---       ┆ ---       ┆ list[str] ┆ ---      │
│ str       ┆ str       ┆ str       ┆           ┆   ┆ list[str] ┆ list[str] ┆           ┆ list[str │
│           ┆           ┆           ┆           ┆   ┆           ┆           ┆           ┆ ]        │
╞═══════════╪═══════════╪═══════════╪═══════════╪═══╪═══════════╪═══════════╪═══════════╪══════════╡
│ ca_eccc   ┆ 05OG008   ┆ discharge ┆ 12506c52e ┆ … ┆ ["2026-08 ┆ ["incompl ┆ []        ┆ []       │
│           ┆           ┆ _daily_me ┆ ed329b6d1 ┆   ┆ -02"]     ┆ ete"]     ┆           ┆          │
│           ┆           ┆ an        ┆ 1fc4960f0 ┆   ┆           ┆           ┆           ┆          │
│           ┆           ┆           ┆ 9f3…      ┆   ┆           ┆           ┆           ┆          │
└───────────┴───────────┴───────────┴───────────┴───┴───────────┴───────────┴───────────┴──────────┘
absent status StoreStatus(store=PosixPath('/Users/nicolaslazaro/Desktop/work/RivRetrieve/.worktrees/visions/canada-provider-documentation-review/.evidence/canada-2026-09-23/missing-cache/ca_eccc/store'), provider_id='ca_eccc', presence=<StorePresence.ABSENT: 'absent'>, manifest=None, bytes_on_disk=0)
/Users/nicolaslazaro/Desktop/work/RivRetrieve/.worktrees/visions/canada-provider-documentation-review/src/rivretrieve/_internal/discovery.py:547: RuntimeWarning: No compiled observation store exists for ca_eccc. Run rivretrieve.download("ca_eccc") to download and compile it.
  apply_on_issue(result.issues, on_issue)
missing rows 0
missing issues (Issue(severity='warning', code='bulk.store_missing', message='No compiled observation store exists for ca_eccc. Run rivretrieve.download("ca_eccc") to download and compile it.', details={'command': 'rivretrieve.download("ca_eccc")', 'store': '/Users/nicolaslazaro/Desktop/work/RivRetrieve/.worktrees/visions/canada-provider-documentation-review/.evidence/canada-2026-09-23/missing-cache/ca_eccc/store'}, provider_id='ca_eccc'),)
provenance source='local' provider_id='ca_eccc' rivretrieve_version=None catalogue_version='2026-08-02' license='Use of any Information indicates your acceptance of the terms below. The Information Provider grants you a worldwide, royalty-free, perpetual, non-exclusive licence to use the Information, including for commercial purposes, subject to the terms below.' citation='For real-time data retrieved from the Wateroffice web site:“Extracted from the Environment and Climate Change Canada Real-time Hydrometric Data web site (https://wateroffice.ec.gc.ca/mainmenu/real_time_data_index_e.html) on [DATE]” For historical data retrieved from the Wateroffice web site:“Extracted from the Environment and Climate Change Canada Historical Hydrometric Data web site (https://wateroffice.ec.gc.ca/mainmenu/historical_data_index_e.html) on [DATE]” For historical data retrieved from the MDB file:“Extracted from Environment and Climate Change Canada’s HYDAT.mdb, released on [DATE]”' requested_at=datetime.datetime(2026, 9, 22, 22, 27, 9, 480491, tzinfo=datetime.timezone.utc) retrieved_at=None request={'scope': {'state': 'active', 'provider_ids': ['ca_eccc'], 'station_ids': ['05OG008'], 'product_ids': [], 'predicates': [{'field': 'quantity', 'value': 'discharge'}, {'field': 'frequency', 'value': 'daily'}, {'field': 'statistic', 'value': 'mean'}], 'restriction': 'all', 'variants': [], 'series_ids': []}, 'series': [{'station_id': '05OG008', 'product_id': 'discharge_daily_mean', 'series_id': '12506c52eed329b6d11fc4960f09f3823d8653b5da58956ae85a09198593467b'}], 'start': '2000-01-01T00:00:00', 'end': '2000-01-07T23:59:59.999999'} calls_made=() time_windows=() decomposition=() endpoints=() query=None response_version=None metadata=None served_intervals=() source_vintage=None publisher_artifact_checksum=None publisher_artifact_checksums=() publisher_artifact_urls=() acquisition_provenance=CatalogueEvidence(provider_id='ca_eccc', facts=(41, 6), acquisitions=(4, 14), bindings=(10, 5), binding_facts=(41, 3), external_inputs=(7, 4))
refresh refusal FatalContractError Provider ca_eccc uses a compiled store; refresh requires rivretrieve.download("ca_eccc"). No transfer was started.
