time,time_zone,value,unit
2024-01-01T00:00:00.000000,unknown,4927.131,m3/s
2024-01-02T00:00:00.000000,unknown,5125.349,m3/s
2024-01-03T00:00:00.000000,unknown,5238.617,m3/s
7
()

['0df18b246e8f48ec8e6547a92070e94a', '4d186669708e4dc18f84d271efb953a1']

14 2
7 1
['0df18b246e8f48ec8e6547a92070e94a']
() ()

{
  "concrete_series": 59159,
  "selectable_stations": 26201,
  "stations_with_alternatives": 575,
  "groups": [
    {
      "quantity": "discharge",
      "frequency": null,
      "statistic": null,
      "stations": 4,
      "stations_with_alternatives": 0
    },
    {
      "quantity": "discharge",
      "frequency": null,
      "statistic": "instantaneous",
      "stations": 13286,
      "stations_with_alternatives": 111
    },
    {
      "quantity": "discharge",
      "frequency": "daily",
      "statistic": "mean",
      "stations": 24495,
      "stations_with_alternatives": 134
    },
    {
      "quantity": "stage",
      "frequency": null,
      "statistic": null,
      "stations": 2,
      "stations_with_alternatives": 0
    },
    {
      "quantity": "stage",
      "frequency": null,
      "statistic": "instantaneous",
      "stations": 11638,
      "stations_with_alternatives": 286
    },
    {
      "quantity": "stage",
      "frequency": "daily",
      "statistic": "max",
      "stations": 1673,
      "stations_with_alternatives": 24
    },
    {
      "quantity": "stage",
      "frequency": "daily",
      "statistic": "mean",
      "stations": 5677,
      "stations_with_alternatives": 131
    },
    {
      "quantity": "stage",
      "frequency": "daily",
      "statistic": "min",
      "stations": 1646,
      "stations_with_alternatives": 23
    }
  ]
}
